
  wheel trail, lamps on — peak 0/765, 0.0% of pixels
    (expected: the WebGL2 fallback implements no storage reads at all —
     texelFetch count is 0 and every storage-driven value is zero here.
     See the varying A/B below, which is the only check this backend allows.)

  ── vertex bindings (4142 chars) ──
    #version 300 es
    layout( std140 ) uniform object {
    mat4 nodeUniform1;
    float nodeUniform2;
    float nodeUniform3;
    float nodeUniform5;
    vec3 nodeUniform6;
    vec3 nodeUniform7;
    vec3 nodeUniform8;
    float nodeUniform9;
    float nodeUniform11;
    };
    layout( std140 ) uniform render {
    mat4 cameraProjectionMatrix;
    mat4 cameraViewMatrix;
    };
    vec3 positionLocal;
    vec4 v_modelViewProjection;
    out vec3 v_positionView;
    out vec4 nodeVarying3;
    out vec3 v_positionWorld;
    out vec2 nodeVarying5;
    texelFetch calls: 0
    varyings: vec3 v_positionView · vec4 nodeVarying3 · vec3 v_positionWorld · vec2 nodeVarying5 · float nodeVarying6
    WAKE RELIEF varying (vec2 ∇w): PRESENT

  ── fragment bindings (71569 chars) ──
    #version 300 es
    layout( location = 0 ) out vec4 fragColor;
    layout( std140 ) uniform object {
    mat4 nodeUniform1;
    float nodeUniform2;
    float nodeUniform3;
    float nodeUniform5;
    vec3 nodeUniform6;
    vec3 nodeUniform7;
    vec3 nodeUniform8;
    float nodeUniform9;
    float nodeUniform11;
    };
    in vec3 v_positionView;
    in vec4 nodeVarying3;
    in vec3 v_positionWorld;
    in vec2 nodeVarying5;
    in float nodeVarying6;
    vec4 DiffuseColor;
    vec2 nodeVar0;
    vec2 nodeVar1;
    vec2 nodeVar2;
    texelFetch calls: 0

  headlight contribution — peak +0/255, 0.0% of pixels
                                                                                                               
                                                                                                               
                                                                                                               
                                                                                                               
                                                                                                               
                                                                                                               
                                                                                                               
                                                                                                               
                                                                                                               
                                                                                                               
                                                                                                               
                                                                                                               
                                                                                                               
                                                                                                               
                                                                                                               
                                                                                                               
                                                                                                               
                                                                                                               
                                                                                                               
                                                                                                               
                                                                                                               
                                                                                                               
                                                                                                               
                                                                                                               
                                                                                                               
                                                                                                               
                                                                                                               

══ TERRA INCOGNITA — gate bypassed, WebGL2 backend ══

  ✓ import three                                             35ms  
  ✓ import engine barrel                                   27.2ms  
  ✓ import work spec                                        0.6ms  
  ✓ import work surface                                     1.3ms  
  ✓ import local survey atlas                                 1ms  
  ✓ configure(work)                                         5.2ms  seed 32773849 · 746,900 instances
  ✓ ATLAS · measured cells, finite memory, isolated bodies   16.8ms  48 detail + 16 coarse · 25 archived · BODY 01 restored
  ✓ ATLAS TRANSFER · archive survives, destination stays blank    2.2ms  2 cells collapsed · BODY 01 memory / BODY 02 live blank
  ✓ VACUUM · persistent distance fog is absent                0ms  fog density 0 · ballistic emitters only
  ✓ new Wake      (3 passes, two-track stamp)               0.3ms  
  ✓ new Clipmap   (grid, 2 passes, wake relief)             4.2ms  
  ✓ new Field     (curl grid + sampler)                       0ms  
  ✓ new Scatter   (3 rings, scatter + ribbons)              0.8ms  
  ✓ buildSky                                                0.7ms  
  ✓ new Rover     (8 wheels, sprung, hinged lid)           11.6ms  
  ✓ new Lander    (clear bay + six load paths)             13.6ms  
  ✓ BODY 01 SCAN · real contact, full stop, 3.6 s integration    4.9ms  d≤2.0 m · |v|≤0.12 m/s · continuous 3.6 s
  ✓ BODY 01 MANUAL · alternative sites support out-of-order recovery    1.8ms  18 manifestations · arbitrary resource order · deterministic auto fallback
  ✓ BODY 01 GRAMMAR · six behaviours, six traces, field subtraction    1.6ms  6 behaviours · 18 manifestations → 6 coordinate traces
  ✓ FIELD ARCHIVE · selected evidence and resolved potential      4ms  1 evidence image · 2 unchosen sites · v2 records migrated to v4 with capture profiles
  ✓ scene.add all                                           0.1ms  7 children
  ✓ BODY 03 MEMORY · persistent fields + GPU storage compute    3.6ms  4 structure + 2 raw materials + H₂O → 3 nodes · 495 GPU particles
  ✓ new Hud / Captions / Kiosk / Ambient                    0.7ms  
  ✓ new Lens      (pass + dof + bloom)                      0.7ms  
  ✓ new Power     (array, shadow probe, budget)               0ms  
  ✓ POWER · blueshift gain shares the renderer ceiling      0.2ms  raw q⁴ 1.00e+12 → 6.0×
  ✓ drive 40 s from the start (r 620 → inward)            117.5ms  77 m · r 543 m · pitch mean 4.1° max 9.1° · traction min 100%
  ✓ ROVER model · geometry and mass budget                  0.1ms  153 meshes · 46,180 triangles · 8 wheels · lid hinged
  ✓ ROVER design · expedition systems remain present        0.1ms  layered armour · closed nose · grounded twin camera mast · 6×12 cell matrix · rubber/metal wheels
  ✓ ROVER · autonomous survey hold is a true stop          14.1ms  14 s mission pauses can remain mechanically still
  ✓ TRANSFER · ordered parts, material points, exact restore     14ms  signal → panel → wheel → body / exact reverse · 4 material-colour clouds
  ✓ SUSPENSION · contact retention against a rigid chassis  134.4ms  cruise — a rigid chassis loses 6.4 of 8 wheels (rms gap 5.1 cm); the stroke keeps all 8 down at 7 cm mean, 16 max · stops 0%   ||   6 m/s — stops 11%
  ✓ ROVER · 8-wheel contact cost                           21.7ms  0.036 ms/frame  (2.2 ms/s of a 16.7 ms budget)
  ✓ SLAM · does speed cost anything?                      132.4ms  cruise 1.9 m/s — stops 0%, grip 100%, draw 0.63  ||  fast 5.6 m/s — stops 2%, grip 99%, draw 0.65 %/s
  ✓ LAMP BUS · does a jolt actually reach the light?      134.4ms  cruise — bus 100% mean, 100% min, dark 0%   ||   fast — 98% mean, 46% min, dark 1%
  ✓ LAMP BUS · brownout as the cell empties                 0.1ms  100% → 100% · 20% → 100% · 12% → 84% · 6% → 32% · 0% → 0%
  ✓ LID · array output against hinge angle                  0.2ms  0° → 0.83 · 20° → 3.01 · 40° → 4.82 · 55° → 5.81 · 69° → 6.38 %/s   (load with lamps ≈0.64)
  ✓ LID · autonomous sun tracking survives reset and mode changes   23.3ms  67° toward sun → 2° away · AUTO retained
  ✓ POWER · 6 min on the open plain, lamps ON             948.9ms  cell 100% · shadowed 23% of the time · survived
  ✓ POWER · descend from r 95, lamps ON                  1127.8ms  cell 28% · survived · shadowed 38%
  ✓ POWER · descend from r 95, lamps ON, LID FULL        1119.7ms  cell 29% · survived · shadowed 38%
  ✓ POWER · descend from r 95, lamps OFF                 1129.8ms  cell 72% · survived · shadowed 38%
  ✓ ROVER · legacy mast/rear/front API remains internally sound   11.8ms  rear dot -26.3 m · front dot 7.4 m · front boom 6.6 m
  ✓ CAMERA · C adds rear + 8 mm rover POV without escaping authored shots    3.2ms  BODY 01/02/03 → rear · intro/scans/transit retain authored priority
  ✓ LANDER · bay is dark, empty and supports the full wheelbase    2.7ms  clear to z 0.80 · closed-floor support 2.04 m
  ✓ CHASE camera · 30 s drive while orbiting the probe    115.6ms  clearance min 0.85 m · boom 2.6–33.9 m · probe off-frame 0.0%
  ✓ drive 120 s at the mass (r 95 → the horizon)          357.3ms  halted at r 55.12 m (rs = 40) · speed 0.105 m/s · lapse 0.5238 · traction min 10%
  ✓ drive across the rampart (r 95, heading 90°)           76.8ms  15 m traversed · r 96.2 m · roll mean 33.5° max 38.5°
  ✓ ground.syncTo + nearestVertex                           0.1ms  vertex 207040
  ✓ heightCPU(0,620)                                          0ms  -5.6984 m
  ✓ aim the camera at the lit ground                        0.1ms  lamps 1.05 m above a flat plane, aimed 9° down
  ✓ RENDER ONE FRAME (WebGL2 — compiles every material)   677.5ms  compiled clean
  ✓ read back the generated fragment shader                 5.9ms  fragment 71569 chars · 1 uniform · 2 binding lines · lamp PRESENT
  ✓ stamp two wheel tracks into the wake by hand            6.1ms  256² grid, two gaussian tracks at ±0.72 m
  ✓ lamp A/B by reading the framebuffer directly           45.4ms  peak +0/255 · 0.0% of pixels brighter
  ✓ budget                                                  0.1ms  746,900 inst / 7.46M verts / ground 409,600

  first failure  : none

══ A SECOND, MINIMAL WORK — gate bypassed, WebGL2 backend ══

  ✓ import three                                           24.2ms  
  ✓ import engine barrel                                     18ms  
  ✓ configure(minimal work, no metric)                      0.1ms  metric none · 25,600 instances
  ✓ new Clipmap   (a different surface)                     1.9ms  
  ✓ new Field     (a different potential)                     0ms  
  ✓ new Wake                                                0.1ms  
  ✓ new Scatter   (one ring)                                0.2ms  
  ✓ buildSky      (engine default)                          0.5ms  
  ✓ redshift is identity without a metric                     0ms  ν ratio 1, lapse 1 — no branches, no cost

  first failure  : none

  console errors : none

✓ PASS — the engine builds and transfers among three planetary surfaces
